// Jest Snapshot v1, https://goo.gl/fbAQLP

exports[`snapshot 1`] = `
<div
  className="siteContainer"
>
  <h1>
    Stephan Blakeslee
  </h1>
  <div
    className="rule"
  />
  <div
    className="flexCenter"
  >
    <form
      className="flexCenter flexColumn fw"
      onSubmit={[Function]}
    >
      <h2>
        Starling Bank API
      </h2>
      <div
        className="flexCenter flexColumn"
      >
        <p
          style={
            Object {
              "alignSelf": "flex-start",
            }
          }
        >
          Personal Access Token:
        </p>
        <input
          autoComplete="off"
          autoCorrect="off"
          autoFocus={true}
          onChange={[Function]}
          placeholder="token"
          type="text"
          value=""
        />
      </div>
      <button
        type="submit"
      >
        Get balance
      </button>
      <br />
      <div
        className="formError"
      >
        
      </div>
    </form>
  </div>
</div>
`;
