// Jest Snapshot v1, https://goo.gl/fbAQLP

exports[`snapshot 1`] = `
<div
  className="siteContainer"
>
  <h1
    className="ui inverted center aligned header"
  >
    <i
      aria-hidden="true"
      className="globe icon"
    />
    <div
      className="content"
    >
      Stephan's World
    </div>
  </h1>
  <div
    className="ui divider"
  />
  <br />
  <div
    className="ui left aligned container"
    style={
      Object {
        "width": "500px",
      }
    }
  >
    <div
      className="ui inverted raised segment"
      style={
        Object {
          "margin": "15px",
          "minHeight": "150px",
        }
      }
    >
      <h2
        className="ui inverted center aligned header"
      >
        <i
          aria-hidden="true"
          className="plug icon"
        />
        <div
          className="content"
        >
          Starling Bank API
        </div>
      </h2>
      <br />
      <div
        className="ui left aligned container"
        style={
          Object {
            "width": "400px",
          }
        }
      >
        <form
          action={undefined}
          className="ui huge inverted form"
          onSubmit={[Function]}
        >
          <div
            className="field"
          >
            <label
              htmlFor={undefined}
            >
              Personal access token
            </label>
            <div
              className="ui input"
              content={undefined}
            >
              <input
                autoComplete="off"
                autoCorrect="off"
                autoFocus={true}
                disabled={undefined}
                onChange={[Function]}
                placeholder="64 Character Token"
                required={undefined}
                tabIndex={undefined}
                type="text"
                value=""
              />
            </div>
          </div>
          <div
            className="field"
          >
            <button
              className="ui huge primary button"
              disabled={undefined}
              onClick={[Function]}
              required={undefined}
              role="button"
              tabIndex={undefined}
              type={undefined}
            >
              Get access
            </button>
          </div>
          <div
            className="ui tiny compact error message"
            style={
              Object {
                "margin": 0,
              }
            }
          />
        </form>
      </div>
      <br />
    </div>
  </div>
</div>
`;
